name collection-fontsextra
depend Asana-Math
depend accfonts
depend albertus
depend aleph
depend allrunes
depend antiqua
depend antp
depend antt
depend apl
depend ar
depend archaic
depend arev
depend ascii
depend astro
depend atqolive
depend augie
depend auncial-new
depend aurical
depend barcodes
depend bayer
depend bbding
depend bbm
depend bbm-macros
depend bbold
depend belleek
depend bera
depend blacklettert1
depend boisik
depend bookhands
depend braille
depend brushscr
depend calligra
depend carolmin-ps
depend cherokee
depend clarendo
depend cm-lgc
depend cm-super
depend cmbright
depend cmll
depend cmpica
depend coronet
depend courier-scaled
depend cryst
depend cyklop
depend dancers
depend dice
depend dictsym
depend dingbat
depend doublestroke
depend duerer
depend duerer-latex
depend ean
depend ecc
depend eco
depend eiad
depend elvish
depend epigrafica
depend epsdice
depend esvect
depend eulervm
depend euxm
depend feyn
depend fge
depend foekfont
depend fonetika
depend fourier
depend fouriernc
depend frcursive
depend garamond
depend genealogy
depend gfsartemisia
depend gfsbodoni
depend gfscomplutum
depend gfsdidot
depend gfsneohellenic
depend gfssolomos
depend gothic
depend greenpoint
depend groff
depend grotesq
depend hands
depend hfbright
depend hfoldsty
depend ifsym
depend initials
depend iwona
depend kixfont
depend knuthotherfonts
depend kpfonts
depend kurier
depend lettrgth
depend lfb
depend libertine
depend linearA
depend logic
depend lxfonts
depend ly1
depend marigold
depend mathabx
depend mathdesign
depend mnsymbol
depend nkarta
depend ocherokee
depend ogham
depend oinuit
depend optima
depend osmanian
depend pacioli
depend pclnfss
depend phaistos
depend phonetic
depend psafm
depend punk
depend sauter
depend sauterfonts
depend semaphor
depend simpsons
depend skull
depend staves
depend tapir
depend tengwarscript
depend tpslifonts
depend trajan
depend umrand
depend umtypewriter
depend univers
depend universa
depend wsuipa
depend yfonts
depend zefonts
depend collection-basic

