
name collection-latexextra
category Collection
revision 11450
shortdesc LaTeX supplementary packages
longdesc A large collection of add-on packages for LaTeX.
#depend AkkTeX
#depend ESIEEcv
#depend GuIT
#depend HA-prosper
#depend Tabbing
#depend a0poster
#depend abstract
#depend achemso
#depend acronym
#depend addlines
#depend adrconv
#depend adrlist
#depend akletter
#depend altfont
#depend amsaddr
#depend animate
#depend anyfontsize
#depend appendix
#depend arcs
#depend arrayjob
#depend assignment
#depend attachfile
#depend authoraftertitle
#depend authorindex
#depend autotab
#depend beamer-contrib
#depend beamerposter
#depend begriff
#depend beton
#depend bez123
#depend bezos
#depend bigfoot
#depend binomexp
#depend bizcard
#depend blindtext
#depend blowup
#depend boites
#depend bookest
#depend booklet
#depend bophook
#depend boxhandler
#depend breakurl
#depend bullcntr
#depend bussproofs
#depend calrsfs
#depend calxxxx
#depend captcont
#depend casyl
#depend catechis
#depend cbcoptic
#depend ccaption
#depend cclicenses
#depend cd
#depend cd-cover
#depend cdpbundl
#depend cellspace
#depend changebar
#depend changepage
#depend changes
#depend chappg
#depend chapterfolder
#depend chletter
#depend circ
#depend cjw
#depend clefval
#depend cleveref
#depend clock
#depend cmdstring
#depend cmdtrack
#depend cmsd
#depend codepage
#depend colorinfo
#depend colorwav
#depend combine
#depend comment
#depend concprog
#depend constants
#depend contour
#depend cooking
#depend cool
#depend coollist
#depend coolstr
#depend cooltooltips
#depend coordsys
#depend courseoutline
#depend coursepaper
#depend coverpage
#depend crossreference
#depend crosswrd
#depend csquotes
#depend csvtools
#depend cuisine
#depend currvita
#depend cursor
#depend cv
#depend cweb-latex
#depend cwpuzzle
#depend dashbox
#depend dashrule
#depend datatool
#depend dateiliste
#depend datenumber
#depend datetime
#depend decimal
#depend delimtxt
#depend diagnose
#depend dialogl
#depend dichokey
#depend dinbrief
#depend directory
#depend dlfltxb
#depend dnaseq
#depend docmfp
#depend doi
#depend dotarrow
#depend dotseqn
#depend dpfloat
#depend dprogress
#depend drac
#depend draftcopy
#depend draftwatermark
#depend dtk
#depend dtxgallery
#depend dvdcoll
#depend eCards
#depend easy
#depend easylist
#depend ean13isbn
#depend ebezier
#depend ecclesiastic
#depend ecv
#depend ed
#depend edmargin
#depend eemeir
#depend egplot
#depend ellipsis
#depend elmath
#depend elpres
#depend elsarticle
#depend em
#depend emulateapj
#depend endfloat
#depend endheads
#depend engpron
#depend engrec
#depend enumitem
#depend envbig
#depend environ
#depend envlab
#depend epigraph
#depend epiolmec
#depend eqlist
#depend eqname
#depend eqparbox
#depend errata
#depend esdiff
depend esint
#depend esint-type1
#depend etaremune
#depend etoolbox
#depend eukdate
#depend europecv
#depend everypage
#depend exam
#depend examdesign
#depend examplep
#depend exceltex
#depend exercise
#depend expdlist
#depend export
#depend extract
#depend facsimile
#depend fancynum
#depend fancytooltips
#depend fax
#depend figsize
#depend filecontents
#depend fink
#depend fixfoot
#depend fixme
#depend flabels
#depend flacards
#depend flagderiv
#depend flashcards
#depend flippdf
#depend floatrow
#depend flowfram
#depend fmp
#depend fmtcount
#depend fnbreak
#depend fncychap
#depend foilhtml
#depend fonttable
#depend footmisc
#depend footnpag
#depend forarray
#depend forloop
#depend formlett
#depend formular
#depend fragments
#depend frankenstein
#depend fribrief
#depend fullblck
#depend fullpict
#depend fundus
#depend g-brief
#depend gauss
#depend gcard
#depend gcite
#depend genmpage
#depend geomsty
#depend ginpenc
#depend gloss
#depend glossaries
#depend gmdoc
#depend gmeometric
#depend gmiflink
#depend gmutils
#depend gmverb
#depend graphicx-psmin
#depend grfpaste
#depend hanging
#depend harpoon
#depend hc
#depend hhtensor
#depend histogr
#depend hitec
#depend hpsdiss
#depend hvfloat
#depend hypdvips
#depend hyper
#depend hyperref-docsrc
#depend hyperxmp
#depend hyphenat
#depend ifmslide
#depend ifplatform
#depend image-gallery
#depend inlinedef
#depend interactiveworkbook
#depend inversepath
#depend invoice
#depend ipa
#depend iso
#depend iso10303
#depend isodate
#depend isonums
#depend isodoc
#depend isorot
#depend isotope
#depend kastrup
#depend kerntest
#depend keystroke
#depend labbook
#depend labelcas
#depend labels
#depend lastpage
#depend latex-tds
#depend layouts
#depend lazylist
#depend lcd
#depend lcg
#depend leading
#depend leaflet
#depend leftidx
#depend lettre
#depend lettrine
#depend lewis
#depend lhelp
#depend limap
#depend lipsum
#depend listliketab
#depend listofsymbols
#depend lithuanian
#depend lkproof
#depend localloc
#depend logpap
#depend lsc
#depend ltablex
#depend ltabptch
#depend ltxdockit
#depend ltxindex
#depend mailing
#depend makebarcode
#depend makebox
#depend makecell
#depend makecirc
#depend makecmds
#depend makedtx
#depend makeglos
#depend manfnt
#depend manuscript
#depend mapcodes
#depend maple
#depend marginnote
#depend mathexam
#depend maybemath
#depend mcaption
#depend mceinleger
#depend mcite
#depend mciteplus
#depend memexsupp
#depend menu
#depend method
#depend metre
#depend mff
#depend mftinc
#depend minipage-marginpar
#depend minitoc
#depend minutes
#depend misc209
#depend mla-paper
#depend mlist
#depend mmap
depend moderncv
#depend modroman
#depend morefloats
#depend moresize
#depend moreverb
#depend movie15
#depend mparhack
#depend msc
#depend msg
#depend mslapa
#depend mtgreek
#depend multenum
#depend multibbl
#depend multicap
#depend multirow
#depend nag
#depend namespc
#depend ncclatex
#depend ncctools
#depend newfile
#depend newlfm
#depend newspaper
#depend newvbtm
#depend noitcrul
#depend nomencl
#depend nomentbl
#depend nonfloat
#depend notes
#depend ntabbing
#depend ntheorem
#depend numname
#depend numprint
#depend ocr-latex
#depend octavo
#depend oldstyle
#depend onlyamsmath
#depend opcit
#depend outline
#depend outliner
#depend overpic
#depend pagenote
#depend paper
#depend papercdcase
#depend papertex
#depend paralist
#depend paresse
#depend patch
#depend patchcmd
#depend pauldoc
#depend pawpict
#depend pax
#depend pbox
#depend pbsheet
#depend pdfcprot
#depend pdfscreen
#depend pdfslide
#depend pdfsync
#depend pdfwin
#depend pecha
#depend perltex
#depend permute
#depend petiteannonce
#depend philex
#depend photo
#depend pittetd
#depend placeins
#depend plates
#depend plweb
#depend polyglot
#depend polynom
#depend polynomial
#depend polytable
#depend postcards
#depend ppower4
#depend ppr-prv
#depend preprint
#depend prettyref
#depend preview
#depend probsoln
#depend program
#depend progress
#depend prosper
#depend protex
#depend protocol
#depend psfragx
#depend pst-pdf
#depend pstool
#depend qcm
#depend qstest
#depend qsymbols
#depend quotchap
#depend quotmark
#depend randtext
#depend rccol
#depend rcsinfo
#depend recipe
#depend recipecard
#depend rectopma
#depend refcheck
#depend refman
#depend refstyle
#depend regcount
#depend register
#depend relenc
#depend repeatindex
#depend resume
#depend rlepsf
#depend rmpage
#depend robustcommand
#depend robustindex
#depend romannum
#depend rotfloat
#depend rotpages
#depend rst
#depend rtkinenc
#depend sagetex
#depend sauerj
#depend savefnmark
#depend savesym
#depend savetrees
#depend scale
#depend scalebar
#depend sciwordconv
#depend script
#depend sdrt
#depend sectionbox
#depend sectsty
#depend semantic
#depend semioneside
#depend seqsplit
#depend sf298
#depend sffms
#depend sfmath
#depend shadbox
#depend shadethm
#depend shapepar
#depend shipunov
#depend shorttoc
#depend show2e
#depend showdim
#depend showexpl
#depend showlabels
#depend sidecap
#depend simplecv
#depend simplewick
#depend slantsc
#depend slashbox
#depend smalltableof
#depend smartref
#depend smflatex
#depend snapshot
#depend soul
#depend sparklines
#depend splitindex
#depend spotcolor
#depend sprite
#depend srcltx
#depend sseq
#depend ssqquote
#depend stack
#depend statistik
#depend stdclsdv
#depend stdpage
#depend stringstrings
#depend sttools
#depend stubs
#depend subdepth
#depend subeqn
#depend subeqnarray
#depend subfigure
#depend subfloat
#depend substr
#depend supertabular
#depend svgcolor
#depend svn
#depend svn-multi
#depend svninfo
#depend syntax
#depend syntrace
#depend synttree
#depend tableaux
#depend tablists
#depend tabto-ltx
#depend tabulary
#depend talk
#depend taupin
#depend tcldoc
#depend technics
#depend ted
#depend termlist
#depend texilikecover
#depend texlogos
#depend texmate
#depend texments
#depend texpower
#depend texshade
#depend textcase
#depend textfit
#depend textmerg
#depend textpos
#depend theoremref
#depend thinsp
#depend thmtools
#depend thumb
#depend ticket
#depend timesht
#depend timing
#depend titlefoot
#depend titlesec
#depend titling
#depend tocbibind
#depend tocloft
#depend tocvsec2
#depend todo
#depend todonotes
#depend tokenizer
#depend toolbox
#depend topfloat
#depend totpages
#depend tracking
#depend translator
#depend trfsigns
#depend trsym
#depend trivfloat
#depend twoup
depend type1cm
#depend typedref
#depend typogrid
#depend ucs
#depend uebungsblatt
#depend ulsy
#depend umoline
#depend underlin
#depend undertilde
#depend units
#depend unroman
#depend upmethodology
#depend upquote
#depend ushort
#depend varindex
#depend varsfromjobname
#depend vector
#depend verbatimbox
#depend verbatimcopy
#depend versions
#depend vhistory
#depend vita
#depend vmargin
#depend volumes
#depend vpe
#depend vrsion
#depend vwcol
#depend wallpaper
#depend warning
#depend warpcol
#depend was
#depend williams
#depend wordlike
#depend wrapfig
#depend xargs
#depend xbmc
#depend xtab
#depend xtcapts
#depend xdoc
#depend xfor
#depend xifthen
#depend xmpincl
#depend xnewcommand
#depend xoptarg
#depend xstring
#depend xytree
#depend yafoot
#depend yplan
#depend zed-csp
#depend ziffer
#depend zwgetfdate
#depend collection-latex
containersize 2876
containermd5 1d85719595855779f3a8a628e17f8e74
