name collection-langafrican
category Collection
revision 5228
shortdesc African scripts
longdesc Fonts for typesetting some African scripts
depend ethiop
depend ethiop-t1
depend fc
depend collection-basic
containersize 256
containermd5 b219efb831c0fb85e01d5d73123b8f1e

name collection-langarab
category Collection
revision 8935
shortdesc Arabic
longdesc Fonts and support for typesetting Arabic
depend arabi
depend arabtex
depend hyphen-arabic
depend hyphen-farsi
depend collection-basic
containersize 261
containermd5 154aed41e4debdaa5f005ddb64c73e31

name collection-langarmenian
category Collection
revision 5228
shortdesc Armenian
longdesc Essential armenian
depend armenian
depend collection-basic
containersize 222
containermd5 70245893717f386f96afafe428b55ea1

name collection-langcroatian
category Collection
revision 5228
shortdesc Croatian
longdesc Essential croatian
depend croatian
depend hrlatex
depend hyphen-croatian
depend collection-basic
containersize 238
containermd5 13e1cdafeba5673b7022b26dd8e483ab

name collection-langczechslovak
category Collection
revision 10193
shortdesc Czech/Slovak
longdesc Czech/Slovak packages and hyphenation support.
depend cs
depend csbulletin
depend cslatex
depend csplain
depend bin-cslatex
depend bin-csplain
depend bin-vlna
depend hyphen-czech
depend hyphen-slovak
depend collection-basic
depend collection-latex
containersize 294
containermd5 d555a918e44eb8ade72a6cd5cf6952ab

name collection-langdanish
category Collection
revision 5228
shortdesc Danish
longdesc Essential Danish
depend hyphen-danish
depend collection-basic
containersize 228
containermd5 982eabfc8afaa10955bb90037214b3e9

name collection-langdutch
category Collection
revision 5228
shortdesc Dutch
longdesc Essential Dutch
depend hyphen-dutch
depend collection-basic
containersize 228
containermd5 47ed8b41a068894ce57435cfd864a9d7

name collection-langfinnish
category Collection
revision 5384
shortdesc Finnish
longdesc Essential finnish
depend finbib
depend hyphen-finnish
depend collection-basic
containersize 234
containermd5 0fdd1b664fde2c390f8e8413fcc7e139

name collection-langfrench
category Collection
revision 9414
shortdesc French
longdesc Packages and hyphenation support for French.
depend aeguill
depend frenchle
depend frletter
depend mafr
depend tabvar
depend tdsfrmath
depend variations
depend hyphen-basque
depend hyphen-french
depend collection-basic
containersize 297
containermd5 9337e000111a3a003f32d7ee174b3078

name collection-langhebrew
category Collection
revision 5228
shortdesc Hebrew
longdesc Fonts and support for typesetting Hebrew
depend cjhebrew
depend collection-basic
containersize 242
containermd5 f77d4d04498b5b3acdd3cf9b308da727

name collection-langhungarian
category Collection
revision 5384
shortdesc Hungarian
longdesc Essential Hungarian
depend magyar
depend hyphen-hungarian
depend collection-basic
containersize 236
containermd5 a9e19991aaf2cf9e7e9cad683d3f3d14

name collection-langindic
category Collection
revision 9090
shortdesc Indic scripts
longdesc Essential indic
depend bangtex
depend bengali
depend burmese
depend ebong
depend hyphen-sanskrit
depend itrans
depend malayalam
depend omega-devanagari
depend sanskrit
depend velthuis
depend wnri
depend bin-devnag
depend bin-ebong
depend collection-basic
containersize 315
containermd5 086353e0340a8620d671a9082ba76caa

name collection-langitalian
category Collection
revision 6919
shortdesc Italian
depend collection-basic
depend frontespizio
depend hyphen-italian
depend itnumpar
containersize 233
containermd5 6de6d07f4845888eb88f0dc645b15965

name collection-langlatin
category Collection
revision 5384
shortdesc Latin
longdesc Essential Latin
depend hyphen-latin
depend collection-basic
containersize 229
containermd5 75711450176b3e1e1cfdba6cb158a7ca

name collection-langmongolian
category Collection
revision 5384
shortdesc Mongolian
longdesc Support for Mongolian.
depend collection-basic
depend hyphen-mongolian
depend mongolian-babel
depend montex
depend soyombo
containersize 251
containermd5 55e76362348afecaf1a930b6c868771f

name collection-langnorwegian
category Collection
revision 5384
shortdesc Norwegian
longdesc Essential Norwegian
depend hyphen-norwegian
depend collection-basic
containersize 229
containermd5 a873ecb032fd74de39aa39db96d34855

name collection-langpolish
category Collection
revision 8740
shortdesc Polish
longdesc Pick this if you want Polish fonts and other packages
depend cc-pl
depend gustlib
depend mex
depend mwcls
depend ogonek
depend pl
depend polski
depend qpxqtx
depend tap
depend utf8mex
depend bin-mex
depend hyphen-polish
depend collection-latex
containersize 315
containermd5 5c62a588d3e25d35e5c94349ca857c79

name collection-langportuguese
category Collection
revision 5384
shortdesc Portuguese
depend ordinalpt
depend hyphen-portuguese
depend collection-basic
containersize 226
containermd5 8d90cd92cd0929f59a08cb4163d81318

name collection-langspanish
category Collection
revision 9201
shortdesc Spanish
depend hyphen-spanish
depend hyphen-catalan
depend hyphen-galician
depend spanish-mx
depend collection-basic
containersize 235
containermd5 aebf5d1cda523a7ae2c53eea545b5d1d

name collection-langswedish
category Collection
revision 5384
shortdesc Swedish
longdesc Essential swedish
depend swebib
depend hyphen-swedish
depend collection-basic
containersize 233
containermd5 3ae992d8d9cd9c95057e8a5a98ef5681

name collection-langtibetan
category Collection
revision 5228
shortdesc Tibetan
longdesc Fonts and support for typesetting Tibetan
depend ctib
depend otibet
depend collection-basic
containersize 248
containermd5 03228242f9a67acd314d25358a865818

name collection-langukenglish
category Collection
revision 5384
shortdesc UK English
longdesc Essential UK English
depend hyphen-ukenglish
depend collection-basic
containersize 233
containermd5 75313b2399b40577d4d413078bc410c2

name collection-langvietnamese
category Collection
revision 5228
shortdesc Vietnamese
longdesc Vietnamese support
depend plnfss
depend vntex
depend collection-basic
containersize 232
containermd5 48f8d285b2673c38e32cd22226dc72c3
